// Jest Snapshot v1, https://jestjs.io/docs/snapshot-testing

exports[`Header snapshot deve bater o snapshot 1`] = `
<DocumentFragment>
  <header
    class="lg:sticky lg:top-0 lg:max-h-screen lg:w-1/2 lg:flex lg:flex-col lg:justify-between lg:py-24"
  >
    <div>
      <div
        class="mb-4"
      >
        <h1
          class="text-4xl font-bold tracking-tight text-slate-800 dark:text-slate-200 sm:text-5xl"
        >
          Daniel Santana Camu√ßatto
        </h1>
        <h2
          class="mt-3 text-lg font-medium tracking-tight text-slate-700 dark:text-slate-200 sm:text-xl"
        >
          Desenvolvedor Full Stack
        </h2>
        <p
          class="mt-4 max-w-xs leading-normal text-slate-600 dark:text-slate-400"
        >
          Sou apaixonado por tecnologia, e ideias disruptivas.
        </p>
      </div>
    </div>
  </header>
</DocumentFragment>
`;
