// Jest Snapshot v1, https://jestjs.io/docs/snapshot-testing

exports[`Navigation snapshot snapshot da navegação 1`] = `
<DocumentFragment>
  <nav
    aria-label="In-page jump links"
    class="nav hidden lg:block"
  >
    <ul
      class="mt-8 w-max"
    >
      <li>
        <a
          class="group flex items-center py-3 active"
          href="#about"
        >
          <span
            class="nav-indicator mr-4 h-px transition-all motion-reduce:transition-none w-16 bg-slate-800 dark:bg-slate-200"
          />
          <span
            class="nav-text text-xs font-bold uppercase tracking-widest transition-colors text-slate-900 dark:text-slate-200"
          >
            Sobre
          </span>
        </a>
      </li>
      <li>
        <a
          class="group flex items-center py-3 "
          href="#experience"
        >
          <span
            class="nav-indicator mr-4 h-px transition-all motion-reduce:transition-none w-8 bg-slate-400 dark:bg-slate-600 group-hover:w-16 group-hover:bg-slate-800 dark:group-hover:bg-slate-200 group-focus-visible:w-16 group-focus-visible:bg-slate-800 dark:group-focus-visible:bg-slate-200"
          />
          <span
            class="nav-text text-xs font-bold uppercase tracking-widest transition-colors text-slate-600 dark:text-slate-500 group-hover:text-slate-900 dark:group-hover:text-slate-200 group-focus-visible:text-slate-900 dark:group-focus-visible:text-slate-200"
          >
            Experiência
          </span>
        </a>
      </li>
      <li>
        <a
          class="group flex items-center py-3 "
          href="#projects"
        >
          <span
            class="nav-indicator mr-4 h-px transition-all motion-reduce:transition-none w-8 bg-slate-400 dark:bg-slate-600 group-hover:w-16 group-hover:bg-slate-800 dark:group-hover:bg-slate-200 group-focus-visible:w-16 group-focus-visible:bg-slate-800 dark:group-focus-visible:bg-slate-200"
          />
          <span
            class="nav-text text-xs font-bold uppercase tracking-widest transition-colors text-slate-600 dark:text-slate-500 group-hover:text-slate-900 dark:group-hover:text-slate-200 group-focus-visible:text-slate-900 dark:group-focus-visible:text-slate-200"
          >
            Projetos
          </span>
        </a>
      </li>
      <li>
        <a
          class="group flex items-center py-3 "
          href="#education"
        >
          <span
            class="nav-indicator mr-4 h-px transition-all motion-reduce:transition-none w-8 bg-slate-400 dark:bg-slate-600 group-hover:w-16 group-hover:bg-slate-800 dark:group-hover:bg-slate-200 group-focus-visible:w-16 group-focus-visible:bg-slate-800 dark:group-focus-visible:bg-slate-200"
          />
          <span
            class="nav-text text-xs font-bold uppercase tracking-widest transition-colors text-slate-600 dark:text-slate-500 group-hover:text-slate-900 dark:group-hover:text-slate-200 group-focus-visible:text-slate-900 dark:group-focus-visible:text-slate-200"
          >
            Formação
          </span>
        </a>
      </li>
    </ul>
  </nav>
</DocumentFragment>
`;
